Analysis & Synthesis report for LE_C1a
Mon Oct  5 23:29:36 2026
Quartus Prime Version 25.1std.0 Build 1129 10/21/2025 SC Lite Edition


---------------------
; Table of Contents ;
---------------------
  1. Legal Notice
  2. Analysis & Synthesis Summary
  3. Analysis & Synthesis Settings
  4. Parallel Compilation
  5. Analysis & Synthesis Source Files Read
  6. Analysis & Synthesis Resource Usage Summary
  7. Analysis & Synthesis Resource Utilization by Entity
  8. Registers Removed During Synthesis
  9. General Register Statistics
 10. Multiplexer Restructuring Statistics (Restructuring Performed)
 11. Port Connectivity Checks: "arith_circuit:inst2|full_adder:fa7"
 12. Post-Synthesis Netlist Statistics for Top Partition
 13. Elapsed Time Per Partition
 14. Analysis & Synthesis Messages



----------------
; Legal Notice ;
----------------
Copyright (C) 2025  Altera Corporation. All rights reserved.
Your use of Altera Corporation's design tools, logic functions 
and other software and tools, and any partner logic 
functions, and any output files from any of the foregoing 
(including device programming or simulation files), and any 
associated documentation or information are expressly subject 
to the terms and conditions of the Altera Program License 
Subscription Agreement, the Altera Quartus Prime License Agreement,
the Altera IP License Agreement, or other applicable license
agreement, including, without limitation, that your use is for
the sole purpose of programming logic devices manufactured by
Altera and sold by Altera or its authorized distributors.  Please
refer to the Altera Software License Subscription Agreements 
on the Quartus Prime software download page.



+--------------------------------------------------------------------------------------+
; Analysis & Synthesis Summary                                                         ;
+------------------------------------+-------------------------------------------------+
; Analysis & Synthesis Status        ; Successful - Mon Oct  5 23:29:35 2026           ;
; Quartus Prime Version              ; 25.1std.0 Build 1129 10/21/2025 SC Lite Edition ;
; Revision Name                      ; LE_C1a                                          ;
; Top-level Entity Name              ; LE_C1a                                          ;
; Family                             ; MAX 10                                          ;
; Total logic elements               ; 27                                              ;
;     Total combinational functions  ; 27                                              ;
;     Dedicated logic registers      ; 0                                               ;
; Total registers                    ; 0                                               ;
; Total pins                         ; 33                                              ;
; Total virtual pins                 ; 0                                               ;
; Total memory bits                  ; 0                                               ;
; Embedded Multiplier 9-bit elements ; 0                                               ;
; Total PLLs                         ; 0                                               ;
; UFM blocks                         ; 0                                               ;
; ADC blocks                         ; 0                                               ;
+------------------------------------+-------------------------------------------------+


+------------------------------------------------------------------------------------------------------------+
; Analysis & Synthesis Settings                                                                              ;
+------------------------------------------------------------------+--------------------+--------------------+
; Option                                                           ; Setting            ; Default Value      ;
+------------------------------------------------------------------+--------------------+--------------------+
; Device                                                           ; 10M50DAF484C7G     ;                    ;
; Top-level entity name                                            ; LE_C1a             ; LE_C1a             ;
; Family name                                                      ; MAX 10             ; Cyclone V          ;
; Use smart compilation                                            ; Off                ; Off                ;
; Enable parallel Assembler and Timing Analyzer during compilation ; On                 ; On                 ;
; Enable compact report table                                      ; Off                ; Off                ;
; Restructure Multiplexers                                         ; Auto               ; Auto               ;
; Create Debugging Nodes for IP Cores                              ; Off                ; Off                ;
; Preserve fewer node names                                        ; On                 ; On                 ;
; Intel FPGA IP Evaluation Mode                                    ; Enable             ; Enable             ;
; Verilog Version                                                  ; Verilog_2001       ; Verilog_2001       ;
; VHDL Version                                                     ; VHDL_1993          ; VHDL_1993          ;
; State Machine Processing                                         ; Auto               ; Auto               ;
; Safe State Machine                                               ; Off                ; Off                ;
; Extract Verilog State Machines                                   ; On                 ; On                 ;
; Extract VHDL State Machines                                      ; On                 ; On                 ;
; Ignore Verilog initial constructs                                ; Off                ; Off                ;
; Iteration limit for constant Verilog loops                       ; 5000               ; 5000               ;
; Iteration limit for non-constant Verilog loops                   ; 250                ; 250                ;
; Add Pass-Through Logic to Inferred RAMs                          ; On                 ; On                 ;
; Infer RAMs from Raw Logic                                        ; On                 ; On                 ;
; Parallel Synthesis                                               ; On                 ; On                 ;
; DSP Block Balancing                                              ; Auto               ; Auto               ;
; NOT Gate Push-Back                                               ; On                 ; On                 ;
; Power-Up Don't Care                                              ; On                 ; On                 ;
; Remove Redundant Logic Cells                                     ; Off                ; Off                ;
; Remove Duplicate Registers                                       ; On                 ; On                 ;
; Ignore CARRY Buffers                                             ; Off                ; Off                ;
; Ignore CASCADE Buffers                                           ; Off                ; Off                ;
; Ignore GLOBAL Buffers                                            ; Off                ; Off                ;
; Ignore ROW GLOBAL Buffers                                        ; Off                ; Off                ;
; Ignore LCELL Buffers                                             ; Off                ; Off                ;
; Ignore SOFT Buffers                                              ; On                 ; On                 ;
; Limit AHDL Integers to 32 Bits                                   ; Off                ; Off                ;
; Optimization Technique                                           ; Balanced           ; Balanced           ;
; Carry Chain Length                                               ; 70                 ; 70                 ;
; Auto Carry Chains                                                ; On                 ; On                 ;
; Auto Open-Drain Pins                                             ; On                 ; On                 ;
; Perform WYSIWYG Primitive Resynthesis                            ; Off                ; Off                ;
; Auto ROM Replacement                                             ; On                 ; On                 ;
; Auto RAM Replacement                                             ; On                 ; On                 ;
; Auto DSP Block Replacement                                       ; On                 ; On                 ;
; Auto Shift Register Replacement                                  ; Auto               ; Auto               ;
; Allow Shift Register Merging across Hierarchies                  ; Auto               ; Auto               ;
; Auto Clock Enable Replacement                                    ; On                 ; On                 ;
; Strict RAM Replacement                                           ; Off                ; Off                ;
; Allow Synchronous Control Signals                                ; On                 ; On                 ;
; Force Use of Synchronous Clear Signals                           ; Off                ; Off                ;
; Auto RAM Block Balancing                                         ; On                 ; On                 ;
; Auto RAM to Logic Cell Conversion                                ; Off                ; Off                ;
; Auto Resource Sharing                                            ; Off                ; Off                ;
; Allow Any RAM Size For Recognition                               ; Off                ; Off                ;
; Allow Any ROM Size For Recognition                               ; Off                ; Off                ;
; Allow Any Shift Register Size For Recognition                    ; Off                ; Off                ;
; Use LogicLock Constraints during Resource Balancing              ; On                 ; On                 ;
; Ignore translate_off and synthesis_off directives                ; Off                ; Off                ;
; Timing-Driven Synthesis                                          ; On                 ; On                 ;
; Report Parameter Settings                                        ; On                 ; On                 ;
; Report Source Assignments                                        ; On                 ; On                 ;
; Report Connectivity Checks                                       ; On                 ; On                 ;
; Ignore Maximum Fan-Out Assignments                               ; Off                ; Off                ;
; Synchronization Register Chain Length                            ; 2                  ; 2                  ;
; Power Optimization During Synthesis                              ; Normal compilation ; Normal compilation ;
; HDL message level                                                ; Level2             ; Level2             ;
; Suppress Register Optimization Related Messages                  ; Off                ; Off                ;
; Number of Removed Registers Reported in Synthesis Report         ; 5000               ; 5000               ;
; Number of Swept Nodes Reported in Synthesis Report               ; 5000               ; 5000               ;
; Number of Inverted Registers Reported in Synthesis Report        ; 100                ; 100                ;
; Clock MUX Protection                                             ; On                 ; On                 ;
; Auto Gated Clock Conversion                                      ; Off                ; Off                ;
; Block Design Naming                                              ; Auto               ; Auto               ;
; SDC constraint protection                                        ; Off                ; Off                ;
; Synthesis Effort                                                 ; Auto               ; Auto               ;
; Shift Register Replacement - Allow Asynchronous Clear Signal     ; On                 ; On                 ;
; Pre-Mapping Resynthesis Optimization                             ; Off                ; Off                ;
; Analysis & Synthesis Message Level                               ; Medium             ; Medium             ;
; Disable Register Merging Across Hierarchies                      ; Auto               ; Auto               ;
; Resource Aware Inference For Block RAM                           ; On                 ; On                 ;
+------------------------------------------------------------------+--------------------+--------------------+


+------------------------------------------+
; Parallel Compilation                     ;
+----------------------------+-------------+
; Processors                 ; Number      ;
+----------------------------+-------------+
; Number detected on machine ; 16          ;
; Maximum allowed            ; 12          ;
;                            ;             ;
; Average used               ; 1.00        ;
; Maximum used               ; 1           ;
;                            ;             ;
; Usage by Processor         ; % Time Used ;
;     Processor 1            ; 100.0%      ;
+----------------------------+-------------+


+----------------------------------------------------------------------------------------------------------------------------------------------------------------------+
; Analysis & Synthesis Source Files Read                                                                                                                               ;
+----------------------------------+-----------------+------------------------------------+------------------------------------------------------------------+---------+
; File Name with User-Entered Path ; Used in Netlist ; File Type                          ; File Name with Absolute Path                                     ; Library ;
+----------------------------------+-----------------+------------------------------------+------------------------------------------------------------------+---------+
; rom.txt                          ; yes             ; User File                          ; C:/ECE2544/LE_C1a/LE_C1a/LE_C1a_starter_restored/rom.txt         ;         ;
; LE_C1a.bdf                       ; yes             ; User Block Diagram/Schematic File  ; C:/ECE2544/LE_C1a/LE_C1a/LE_C1a_starter_restored/LE_C1a.bdf      ;         ;
; dual_port_rom.v                  ; yes             ; User Verilog HDL File              ; C:/ECE2544/LE_C1a/LE_C1a/LE_C1a_starter_restored/dual_port_rom.v ;         ;
; arith_circuit.v                  ; yes             ; User Verilog HDL File              ; C:/ECE2544/LE_C1a/LE_C1a/LE_C1a_starter_restored/arith_circuit.v ;         ;
+----------------------------------+-----------------+------------------------------------+------------------------------------------------------------------+---------+


+---------------------------------------------------------+
; Analysis & Synthesis Resource Usage Summary             ;
+---------------------------------------------+-----------+
; Resource                                    ; Usage     ;
+---------------------------------------------+-----------+
; Estimated Total logic elements              ; 27        ;
;                                             ;           ;
; Total combinational functions               ; 27        ;
; Logic element usage by number of LUT inputs ;           ;
;     -- 4 input functions                    ; 17        ;
;     -- 3 input functions                    ; 9         ;
;     -- <=2 input functions                  ; 1         ;
;                                             ;           ;
; Logic elements by mode                      ;           ;
;     -- normal mode                          ; 27        ;
;     -- arithmetic mode                      ; 0         ;
;                                             ;           ;
; Total registers                             ; 0         ;
;     -- Dedicated logic registers            ; 0         ;
;     -- I/O registers                        ; 0         ;
;                                             ;           ;
; I/O pins                                    ; 33        ;
;                                             ;           ;
; Embedded Multiplier 9-bit elements          ; 0         ;
;                                             ;           ;
; Maximum fan-out node                        ; SW9~input ;
; Maximum fan-out                             ; 17        ;
; Total fan-out                               ; 150       ;
; Average fan-out                             ; 1.61      ;
+---------------------------------------------+-----------+


+-------------------------------------------------------------------------------------------------------------------------------------------------------------------------------------------------------------------------------------------------------------+
; Analysis & Synthesis Resource Utilization by Entity                                                                                                                                                                                                         ;
+----------------------------+---------------------+---------------------------+-------------+------------+--------------+---------+-----------+------+--------------+------------+--------------------------------------------+---------------+--------------+
; Compilation Hierarchy Node ; Combinational ALUTs ; Dedicated Logic Registers ; Memory Bits ; UFM Blocks ; DSP Elements ; DSP 9x9 ; DSP 18x18 ; Pins ; Virtual Pins ; ADC blocks ; Full Hierarchy Name                        ; Entity Name   ; Library Name ;
+----------------------------+---------------------+---------------------------+-------------+------------+--------------+---------+-----------+------+--------------+------------+--------------------------------------------+---------------+--------------+
; |LE_C1a                    ; 27 (0)              ; 0 (0)                     ; 0           ; 0          ; 0            ; 0       ; 0         ; 33   ; 0            ; 0          ; |LE_C1a                                    ; LE_C1a        ; work         ;
;    |arith_circuit:inst2|   ; 27 (12)             ; 0 (0)                     ; 0           ; 0          ; 0            ; 0       ; 0         ; 0    ; 0            ; 0          ; |LE_C1a|arith_circuit:inst2                ; arith_circuit ; work         ;
;       |full_adder:fa0|     ; 2 (2)               ; 0 (0)                     ; 0           ; 0          ; 0            ; 0       ; 0         ; 0    ; 0            ; 0          ; |LE_C1a|arith_circuit:inst2|full_adder:fa0 ; full_adder    ; work         ;
;       |full_adder:fa1|     ; 2 (2)               ; 0 (0)                     ; 0           ; 0          ; 0            ; 0       ; 0         ; 0    ; 0            ; 0          ; |LE_C1a|arith_circuit:inst2|full_adder:fa1 ; full_adder    ; work         ;
;       |full_adder:fa2|     ; 2 (2)               ; 0 (0)                     ; 0           ; 0          ; 0            ; 0       ; 0         ; 0    ; 0            ; 0          ; |LE_C1a|arith_circuit:inst2|full_adder:fa2 ; full_adder    ; work         ;
;       |full_adder:fa3|     ; 2 (2)               ; 0 (0)                     ; 0           ; 0          ; 0            ; 0       ; 0         ; 0    ; 0            ; 0          ; |LE_C1a|arith_circuit:inst2|full_adder:fa3 ; full_adder    ; work         ;
;       |full_adder:fa4|     ; 2 (2)               ; 0 (0)                     ; 0           ; 0          ; 0            ; 0       ; 0         ; 0    ; 0            ; 0          ; |LE_C1a|arith_circuit:inst2|full_adder:fa4 ; full_adder    ; work         ;
;       |full_adder:fa5|     ; 2 (2)               ; 0 (0)                     ; 0           ; 0          ; 0            ; 0       ; 0         ; 0    ; 0            ; 0          ; |LE_C1a|arith_circuit:inst2|full_adder:fa5 ; full_adder    ; work         ;
;       |full_adder:fa6|     ; 1 (1)               ; 0 (0)                     ; 0           ; 0          ; 0            ; 0       ; 0         ; 0    ; 0            ; 0          ; |LE_C1a|arith_circuit:inst2|full_adder:fa6 ; full_adder    ; work         ;
;       |full_adder:fa7|     ; 2 (2)               ; 0 (0)                     ; 0           ; 0          ; 0            ; 0       ; 0         ; 0    ; 0            ; 0          ; |LE_C1a|arith_circuit:inst2|full_adder:fa7 ; full_adder    ; work         ;
+----------------------------+---------------------+---------------------------+-------------+------------+--------------+---------+-----------+------+--------------+------------+--------------------------------------------+---------------+--------------+
Note: For table entries with two numbers listed, the numbers in parentheses indicate the number of resources of the given type used by the specific entity alone. The numbers listed outside of parentheses indicate the total resources of the given type used by the specific entity and all of its sub-entities in the hierarchy.


+-------------------------------------------------------------------------------+
; Registers Removed During Synthesis                                            ;
+----------------------------------------+--------------------------------------+
; Register name                          ; Reason for Removal                   ;
+----------------------------------------+--------------------------------------+
; dual_port_rom:inst|rom~0               ; Stuck at GND due to stuck port clock ;
; dual_port_rom:inst|rom~1               ; Stuck at GND due to stuck port clock ;
; dual_port_rom:inst|rom~2               ; Stuck at GND due to stuck port clock ;
; dual_port_rom:inst|rom~3               ; Stuck at GND due to stuck port clock ;
; dual_port_rom:inst|rom~4               ; Stuck at GND due to stuck port clock ;
; dual_port_rom:inst|rom~5               ; Stuck at GND due to stuck port clock ;
; dual_port_rom:inst|rom~6               ; Stuck at GND due to stuck port clock ;
; dual_port_rom:inst|rom~7               ; Stuck at GND due to stuck port clock ;
; dual_port_rom:inst|rom~8               ; Stuck at GND due to stuck port clock ;
; dual_port_rom:inst|rom~9               ; Stuck at GND due to stuck port clock ;
; dual_port_rom:inst|rom~10              ; Stuck at GND due to stuck port clock ;
; dual_port_rom:inst|rom~11              ; Stuck at GND due to stuck port clock ;
; dual_port_rom:inst|rom~12              ; Stuck at GND due to stuck port clock ;
; dual_port_rom:inst|rom~13              ; Stuck at GND due to stuck port clock ;
; dual_port_rom:inst|rom~14              ; Stuck at GND due to stuck port clock ;
; dual_port_rom:inst|rom~15              ; Stuck at GND due to stuck port clock ;
; dual_port_rom:inst|rom~16              ; Stuck at GND due to stuck port clock ;
; dual_port_rom:inst|rom~17              ; Stuck at GND due to stuck port clock ;
; dual_port_rom:inst|rom~18              ; Stuck at GND due to stuck port clock ;
; dual_port_rom:inst|rom~19              ; Stuck at GND due to stuck port clock ;
; dual_port_rom:inst|rom~20              ; Stuck at GND due to stuck port clock ;
; dual_port_rom:inst|rom~21              ; Stuck at GND due to stuck port clock ;
; dual_port_rom:inst|rom~22              ; Stuck at GND due to stuck port clock ;
; dual_port_rom:inst|rom~23              ; Stuck at GND due to stuck port clock ;
; dual_port_rom:inst|rom~24              ; Stuck at GND due to stuck port clock ;
; dual_port_rom:inst|rom~25              ; Stuck at GND due to stuck port clock ;
; dual_port_rom:inst|rom~26              ; Stuck at GND due to stuck port clock ;
; dual_port_rom:inst|rom~27              ; Stuck at GND due to stuck port clock ;
; dual_port_rom:inst|rom~28              ; Stuck at GND due to stuck port clock ;
; dual_port_rom:inst|rom~29              ; Stuck at GND due to stuck port clock ;
; dual_port_rom:inst|rom~30              ; Stuck at GND due to stuck port clock ;
; dual_port_rom:inst|rom~31              ; Stuck at GND due to stuck port clock ;
; dual_port_rom:inst|rom~32              ; Stuck at GND due to stuck port clock ;
; dual_port_rom:inst|rom~33              ; Stuck at GND due to stuck port clock ;
; dual_port_rom:inst|rom~34              ; Stuck at GND due to stuck port clock ;
; dual_port_rom:inst|rom~35              ; Stuck at GND due to stuck port clock ;
; dual_port_rom:inst|rom~36              ; Stuck at GND due to stuck port clock ;
; dual_port_rom:inst|rom~37              ; Stuck at GND due to stuck port clock ;
; dual_port_rom:inst|rom~38              ; Stuck at GND due to stuck port clock ;
; dual_port_rom:inst|rom~39              ; Stuck at GND due to stuck port clock ;
; dual_port_rom:inst|rom~40              ; Stuck at GND due to stuck port clock ;
; dual_port_rom:inst|rom~41              ; Stuck at GND due to stuck port clock ;
; dual_port_rom:inst|rom~42              ; Stuck at GND due to stuck port clock ;
; dual_port_rom:inst|rom~43              ; Stuck at GND due to stuck port clock ;
; dual_port_rom:inst|rom~44              ; Stuck at GND due to stuck port clock ;
; dual_port_rom:inst|rom~45              ; Stuck at GND due to stuck port clock ;
; dual_port_rom:inst|rom~46              ; Stuck at GND due to stuck port clock ;
; dual_port_rom:inst|rom~47              ; Stuck at GND due to stuck port clock ;
; dual_port_rom:inst|rom~48              ; Stuck at GND due to stuck port clock ;
; dual_port_rom:inst|rom~49              ; Stuck at GND due to stuck port clock ;
; dual_port_rom:inst|rom~50              ; Stuck at GND due to stuck port clock ;
; dual_port_rom:inst|rom~51              ; Stuck at GND due to stuck port clock ;
; dual_port_rom:inst|rom~52              ; Stuck at GND due to stuck port clock ;
; dual_port_rom:inst|rom~53              ; Stuck at GND due to stuck port clock ;
; dual_port_rom:inst|rom~54              ; Stuck at GND due to stuck port clock ;
; dual_port_rom:inst|rom~55              ; Stuck at GND due to stuck port clock ;
; dual_port_rom:inst|rom~56              ; Stuck at GND due to stuck port clock ;
; dual_port_rom:inst|rom~57              ; Stuck at GND due to stuck port clock ;
; dual_port_rom:inst|rom~58              ; Stuck at GND due to stuck port clock ;
; dual_port_rom:inst|rom~59              ; Stuck at GND due to stuck port clock ;
; dual_port_rom:inst|rom~60              ; Stuck at GND due to stuck port clock ;
; dual_port_rom:inst|rom~61              ; Stuck at GND due to stuck port clock ;
; dual_port_rom:inst|rom~62              ; Stuck at GND due to stuck port clock ;
; dual_port_rom:inst|rom~63              ; Stuck at GND due to stuck port clock ;
; Total Number of Removed Registers = 64 ;                                      ;
+----------------------------------------+--------------------------------------+


+------------------------------------------------------+
; General Register Statistics                          ;
+----------------------------------------------+-------+
; Statistic                                    ; Value ;
+----------------------------------------------+-------+
; Total registers                              ; 0     ;
; Number of registers using Synchronous Clear  ; 0     ;
; Number of registers using Synchronous Load   ; 0     ;
; Number of registers using Asynchronous Clear ; 0     ;
; Number of registers using Asynchronous Load  ; 0     ;
; Number of registers using Clock Enable       ; 0     ;
; Number of registers using Preset             ; 0     ;
+----------------------------------------------+-------+


+------------------------------------------------------------------------------------------------------------------------------------------------+
; Multiplexer Restructuring Statistics (Restructuring Performed)                                                                                 ;
+--------------------+-----------+---------------+----------------------+------------------------+------------+----------------------------------+
; Multiplexer Inputs ; Bus Width ; Baseline Area ; Area if Restructured ; Saving if Restructured ; Registered ; Example Multiplexer Output       ;
+--------------------+-----------+---------------+----------------------+------------------------+------------+----------------------------------+
; 3:1                ; 8 bits    ; 16 LEs        ; 16 LEs               ; 0 LEs                  ; No         ; |LE_C1a|arith_circuit:inst2|Y[7] ;
; 3:1                ; 8 bits    ; 16 LEs        ; 16 LEs               ; 0 LEs                  ; No         ; |LE_C1a|arith_circuit:inst2|X[7] ;
+--------------------+-----------+---------------+----------------------+------------------------+------------+----------------------------------+


+----------------------------------------------------------------------------------------------------------------+
; Port Connectivity Checks: "arith_circuit:inst2|full_adder:fa7"                                                 ;
+------+--------+----------+-------------------------------------------------------------------------------------+
; Port ; Type   ; Severity ; Details                                                                             ;
+------+--------+----------+-------------------------------------------------------------------------------------+
; cout ; Output ; Info     ; Connected to dangling logic. Logic that only feeds a dangling port will be removed. ;
+------+--------+----------+-------------------------------------------------------------------------------------+


+-----------------------------------------------------+
; Post-Synthesis Netlist Statistics for Top Partition ;
+-----------------------+-----------------------------+
; Type                  ; Count                       ;
+-----------------------+-----------------------------+
; boundary_port         ; 33                          ;
; cycloneiii_lcell_comb ; 36                          ;
;     normal            ; 36                          ;
;         0 data inputs ; 2                           ;
;         1 data inputs ; 7                           ;
;         2 data inputs ; 1                           ;
;         3 data inputs ; 9                           ;
;         4 data inputs ; 17                          ;
;                       ;                             ;
; Max LUT depth         ; 8.00                        ;
; Average LUT depth     ; 5.16                        ;
+-----------------------+-----------------------------+


+-------------------------------+
; Elapsed Time Per Partition    ;
+----------------+--------------+
; Partition Name ; Elapsed Time ;
+----------------+--------------+
; Top            ; 00:00:01     ;
+----------------+--------------+


+-------------------------------+
; Analysis & Synthesis Messages ;
+-------------------------------+
Info: *******************************************************************
Info: Running Quartus Prime Analysis & Synthesis
    Info: Version 25.1std.0 Build 1129 10/21/2025 SC Lite Edition
    Info: Processing started: Mon Oct  5 23:29:23 2026
Info: Command: quartus_map --read_settings_files=on --write_settings_files=off LE_C1a -c LE_C1a
Warning (18236): Number of processors has not been specified which may cause overloading on shared machines.  Set the global assignment NUM_PARALLEL_PROCESSORS in your QSF to an appropriate value for best performance.
Info (20030): Parallel compilation is enabled and will use 12 of the 12 processors detected
Info (12021): Found 1 design units, including 1 entities, in source file le_c1a.bdf
    Info (12023): Found entity 1: LE_C1a
Info (12021): Found 1 design units, including 1 entities, in source file dual_port_rom.v
    Info (12023): Found entity 1: dual_port_rom File: C:/ECE2544/LE_C1a/LE_C1a/LE_C1a_starter_restored/dual_port_rom.v Line: 13
Info (12021): Found 2 design units, including 2 entities, in source file arith_circuit.v
    Info (12023): Found entity 1: arith_circuit File: C:/ECE2544/LE_C1a/LE_C1a/LE_C1a_starter_restored/arith_circuit.v Line: 19
    Info (12023): Found entity 2: full_adder File: C:/ECE2544/LE_C1a/LE_C1a/LE_C1a_starter_restored/arith_circuit.v Line: 62
Info (12127): Elaborating entity "LE_C1a" for the top level hierarchy
Warning (275089): Not all bits in bus "SW[9..0]" are used
Warning (275080): Converted elements in bus name "SW" using legacy naming rules. Make any assignments on the new names, not on the original names.
    Warning (275081): Converted element name(s) from "SW[2..0]" to "SW2..0"
    Warning (275081): Converted element name(s) from "SW[5..3]" to "SW5..3"
    Warning (275081): Converted element name(s) from "SW[9..7]" to "SW9..7"
Info (12128): Elaborating entity "dual_port_rom" for hierarchy "dual_port_rom:inst"
Warning (10030): Net "rom.data_a" at dual_port_rom.v(17) has no driver or initial value, using a default initial value '0' File: C:/ECE2544/LE_C1a/LE_C1a/LE_C1a_starter_restored/dual_port_rom.v Line: 17
Warning (10030): Net "rom.waddr_a" at dual_port_rom.v(17) has no driver or initial value, using a default initial value '0' File: C:/ECE2544/LE_C1a/LE_C1a/LE_C1a_starter_restored/dual_port_rom.v Line: 17
Warning (10030): Net "rom.we_a" at dual_port_rom.v(17) has no driver or initial value, using a default initial value '0' File: C:/ECE2544/LE_C1a/LE_C1a/LE_C1a_starter_restored/dual_port_rom.v Line: 17
Info (12128): Elaborating entity "arith_circuit" for hierarchy "arith_circuit:inst2"
Info (12128): Elaborating entity "full_adder" for hierarchy "arith_circuit:inst2|full_adder:fa0" File: C:/ECE2544/LE_C1a/LE_C1a/LE_C1a_starter_restored/arith_circuit.v Line: 50
Info (276014): Found 1 instances of uninferred RAM logic
    Info (276013): RAM logic "dual_port_rom:inst|rom" is uninferred because MIF is not supported for the selected family File: C:/ECE2544/LE_C1a/LE_C1a/LE_C1a_starter_restored/dual_port_rom.v Line: 17
Warning (13024): Output pins are stuck at VCC or GND
    Warning (13410): Pin "A[7]" is stuck at GND
    Warning (13410): Pin "A[3]" is stuck at VCC
    Warning (13410): Pin "B[7]" is stuck at GND
    Warning (13410): Pin "B[3]" is stuck at VCC
Info (286030): Timing-Driven Synthesis is running
Info (16010): Generating hard_block partition "hard_block:auto_generated_inst"
    Info (16011): Adding 0 node(s), including 0 DDIO, 0 PLL, 0 transceiver and 0 LCELL
Info (21057): Implemented 60 device resources after synthesis - the final resource count might be different
    Info (21058): Implemented 9 input pins
    Info (21059): Implemented 24 output pins
    Info (21061): Implemented 27 logic cells
Info: Quartus Prime Analysis & Synthesis was successful. 0 errors, 14 warnings
    Info: Peak virtual memory: 4803 megabytes
    Info: Processing ended: Mon Oct  5 23:29:36 2026
    Info: Elapsed time: 00:00:13
    Info: Total CPU time (on all processors): 00:00:32


